 Input coordinates
 XL(1)=   -0.500000   -0.500000   -0.500000
 XL(2)=    0.500000   -0.500000   -0.500000
 XL(3)=   -0.500000    0.500000   -0.500000
 XL(4)=   -0.500000   -0.500000    0.500000

 Rotate XL over  30. degrees along Z-axis
 XL(1)=   -0.183013   -0.683013   -0.500000
 XL(2)=    0.683013   -0.183013   -0.500000
 XL(3)=   -0.683013    0.183013   -0.500000
 XL(4)=   -0.183013   -0.683013    0.500000

 DET=  0.166666667
 temperature gradient:
1.665335E-16   1.110223E-16    1.00000
 Volume integral of T =   0.208333333
 nodal shape function values:
 1.00000       3.295975E-17  -4.287511E-17    0.00000
 0.00000        1.00000       3.296483E-17    0.00000
 0.00000      -4.288697E-17    1.00000        0.00000
  -1.038124E-17   3.295975E-17  -4.288528E-17    1.00000
 element center and shape function values:
  -9.150635E-02  -0.341506      -0.250000
0.250000       0.250000       0.250000       0.250000
